started_at=2026-09-05T12:27:34Z
    Checking aethel-types v0.1.0 (/work/aethel/crates/aethel-types)
    Checking aethel-dekyx v0.1.0 (/work/aethel/crates/aethel-dekyx)
   Compiling qomm-mpc v0.1.0 (/work/defmi/rust/qomm-mpc)
    Checking aethel-deccp v0.1.0 (/work/aethel/crates/aethel-deccp)
warning: qomm-mpc@0.1.0: MP_SPDZ_ROOT is unset; building without the engine
    Checking qomm-transport v0.1.0 (/work/defmi/rust/qomm-transport)
    Checking aethel-provider-sdk v0.1.0 (/work/aethel/crates/aethel-provider-sdk)
    Checking aethel-zkpi v0.1.0 (/work/aethel/crates/aethel-zkpi)
    Checking aethel-obligation-wallet v0.1.0 (/work/aethel/crates/aethel-obligation-wallet)
    Checking aethel-core v0.1.0 (/work/aethel/crates/aethel-core)
    Checking aethel-servicing v0.1.0 (/work/aethel/crates/aethel-servicing)
    Checking aethel-tokenization v0.1.0 (/work/aethel/crates/aethel-tokenization)
    Checking qomm-defmi v0.1.0 (/work/defmi/rust/qomm-defmi)
    Checking aethel-distribution v0.1.0 (/work/aethel/crates/aethel-distribution)
    Checking aethel v0.1.0 (/work/aethel/crates/aethel)
    Checking qomm-avalanche-vm v0.1.0 (/work/defmi/rust/qomm-avalanche-vm)
    Checking aethel-defmi-host v0.1.0 (/work/aethel/crates/aethel-defmi-host)
    Finished `dev` profile [unoptimized + debuginfo] target(s) in 6.02s
   Compiling proc-macro2 v1.0.107
   Compiling quote v1.0.47
   Compiling unicode-ident v1.0.24
   Compiling libc v0.2.189
   Compiling cfg-if v1.0.4
   Compiling serde_core v1.0.229
   Compiling serde v1.0.229
   Compiling version_check v0.9.5
   Compiling generic-array v0.14.7
   Compiling semver v1.0.28
   Compiling syn v2.0.119
   Compiling syn v3.0.4
   Compiling getrandom v0.2.17
   Compiling rand_core v0.6.4
   Compiling rustc_version v0.4.1
   Compiling typenum v1.20.1
   Compiling subtle v2.6.1
   Compiling cpufeatures v0.2.17
   Compiling ff v0.13.1
   Compiling curve25519-dalek v4.1.3
   Compiling group v0.13.0
   Compiling itoa v1.0.18
   Compiling block-buffer v0.10.4
   Compiling crypto-common v0.1.7
   Compiling digest v0.10.7
   Compiling signature v2.2.0
   Compiling thiserror v2.0.20
   Compiling sha2 v0.10.9
   Compiling memchr v2.8.3
   Compiling serde_derive v1.0.229
   Compiling thiserror-impl v2.0.20
   Compiling thiserror v1.0.69
   Compiling zeroize_derive v1.5.0
   Compiling curve25519-dalek-derive v0.1.1
   Compiling zeroize v1.9.0
   Compiling thiserror-impl v1.0.69
   Compiling zmij v1.0.23
   Compiling serde_json v1.0.151
   Compiling hex v0.4.3
   Compiling shlex v2.0.1
   Compiling find-msvc-tools v0.1.12
   Compiling cc v1.4.5
   Compiling zerocopy v0.8.56
   Compiling byteorder v1.5.0
   Compiling ed25519 v2.2.3
   Compiling bytes v1.12.1
   Compiling ed25519-dalek v2.2.0
   Compiling dekyx-core v0.1.0 (https://github.com/shukob/dekyx.git?rev=67eb59a1548740d15585a42d9cff8bc06ae95c5e#67eb59a1)
   Compiling aethel-types v0.1.0 (/work/aethel/crates/aethel-types)
   Compiling pin-project-lite v0.2.17
   Compiling futures-core v0.3.34
   Compiling anyhow v1.0.104
   Compiling aethel-provider-sdk v0.1.0 (/work/aethel/crates/aethel-provider-sdk)
   Compiling ppv-lite86 v0.2.21
   Compiling rand_chacha v0.3.1
   Compiling rand v0.8.8
   Compiling aethel-dekyx v0.1.0 (/work/aethel/crates/aethel-dekyx)
   Compiling keccak v0.1.6
   Compiling scopeguard v1.2.0
   Compiling lock_api v0.4.14
   Compiling clear_on_drop v0.2.5
   Compiling heapless v0.7.17
   Compiling either v1.18.0
   Compiling itertools v0.14.0
   Compiling spin v0.9.9
   Compiling merlin v3.0.0
   Compiling hash32 v0.2.1
   Compiling errno v0.3.14
   Compiling stable_deref_trait v1.2.1
   Compiling slab v0.4.12
   Compiling signal-hook-registry v1.4.8
   Compiling sha3 v0.10.9
   Compiling aethel-core v0.1.0 (/work/aethel/crates/aethel-core)
   Compiling http v1.5.0
   Compiling cobs v0.3.0
   Compiling tokio-macros v2.7.2
   Compiling prost-derive v0.13.5
   Compiling socket2 v0.6.5
   Compiling mio v1.2.3
   Compiling litrs v1.0.0
   Compiling base16ct v0.2.0
   Compiling tokio v1.53.1
   Compiling document-features v0.2.12
   Compiling serdect v0.2.0
   Compiling postcard v1.1.3
   Compiling bulletproofs v5.0.0
   Compiling derive-getters v0.5.0
   Compiling visibility v0.1.1
   Compiling qomm-dsl v0.1.0 (/work/defmi/rust/qomm-dsl)
   Compiling once_cell v1.21.4
   Compiling const-crc32-nostd v1.3.1
   Compiling futures-task v0.3.34
   Compiling futures-util v0.3.34
   Compiling frost-core v3.0.0
   Compiling tracing-core v0.1.36
   Compiling qomm-zk v0.1.0 (/work/defmi/rust/qomm-zk)
   Compiling http-body v1.1.0
   Compiling tracing-attributes v0.1.31
   Compiling tower-service v0.3.3
   Compiling futures-sink v0.3.34
   Compiling heck v0.5.0
   Compiling tokio-util v0.7.19
   Compiling tracing v0.1.44
   Compiling qomm-proofs v0.1.0 (/work/defmi/rust/qomm-proofs)
   Compiling frost-rerandomized v3.0.0
   Compiling httparse v1.10.1
   Compiling equivalent v1.0.2
   Compiling getrandom v0.4.3
   Compiling hashbrown v0.17.1
   Compiling rustix v1.1.4
   Compiling frost-ristretto255 v3.0.0
   Compiling indexmap v2.14.2
   Compiling fnv v1.0.7
   Compiling regex-syntax v0.8.11
   Compiling linux-raw-sys v0.12.1
   Compiling rustversion v1.0.23
   Compiling atomic-waker v1.1.2
   Compiling try-lock v0.2.5
   Compiling pkg-config v0.3.34
   Compiling bitflags v2.13.1
   Compiling autocfg v1.5.1
   Compiling tower-layer v0.3.3
   Compiling prettyplease v0.2.37
   Compiling vcpkg v0.2.15
   Compiling indexmap v1.9.3
   Compiling openssl-sys v0.9.117
   Compiling want v0.3.1
   Compiling h2 v0.4.19
   Compiling regex-automata v0.4.18
   Compiling prost v0.13.5
   Compiling qomm-zkpi v0.1.0 (/work/defmi/rust/qomm-zkpi)
   Compiling futures-channel v0.3.34
   Compiling sync_wrapper v1.0.2
   Compiling fixedbitset v0.5.7
   Compiling smallvec v1.16.0
   Compiling fastrand v2.5.0
   Compiling httpdate v1.0.3
   Compiling hyper v1.11.1
   Compiling tempfile v3.27.0
   Compiling petgraph v0.7.1
   Compiling regex v1.13.1
   Compiling prost-types v0.13.5
   Compiling http-body-util v0.1.5
   Compiling pin-project-internal v1.1.13
   Compiling async-trait v0.1.92
   Compiling log v0.4.34
   Compiling base64 v0.22.1
   Compiling hashbrown v0.12.3
   Compiling mime v0.3.17
   Compiling multimap v0.10.1
   Compiling axum-core v0.4.5
   Compiling pin-project v1.1.13
   Compiling prost-build v0.13.5
   Compiling hyper-util v0.1.20
   Compiling tower v0.5.3
   Compiling blake3 v1.8.7
   Compiling async-stream-impl v0.3.6
   Compiling openssl v0.10.81
   Compiling protoc-bin-vendored-linux-aarch_64 v3.2.0
   Compiling protoc-bin-vendored-macos-aarch_64 v3.2.0
   Compiling protoc-bin-vendored-linux-x86_64 v3.2.0
   Compiling percent-encoding v2.3.2
   Compiling protoc-bin-vendored-linux-s390_64 v3.2.0
   Compiling protoc-bin-vendored-macos-x86_64 v3.2.0
   Compiling foreign-types-shared v0.1.1
   Compiling qomm-mpc v0.1.0 (/work/defmi/rust/qomm-mpc)
   Compiling protoc-bin-vendored-linux-ppcle_64 v3.2.0
   Compiling matchit v0.7.3
   Compiling protoc-bin-vendored-linux-x86_32 v3.2.0
   Compiling protoc-bin-vendored-win32 v3.2.0
   Compiling protoc-bin-vendored v3.2.0
   Compiling axum v0.7.9
warning: qomm-mpc@0.1.0: MP_SPDZ_ROOT is unset; building without the engine
   Compiling foreign-types v0.3.2
   Compiling hyper-timeout v0.5.2
   Compiling async-stream v0.3.6
   Compiling tonic-build v0.12.3
   Compiling tower v0.4.13
   Compiling snafu-derive v0.8.9
   Compiling tokio-stream v0.1.19
   Compiling aethel-tokenization v0.1.0 (/work/aethel/crates/aethel-tokenization)
   Compiling deccp-core v0.1.0 (https://github.com/shukob/deccp?rev=3660ebab170723d055be3cf26ea8e2f039d6514b#3660ebab)
   Compiling openssl-macros v0.1.1
   Compiling socket2 v0.5.10
   Compiling cpufeatures v0.3.1
   Compiling constant_time_eq v0.4.2
   Compiling qomm-measure v0.1.0 (/work/defmi/rust/qomm-measure)
   Compiling arrayvec v0.7.8
   Compiling tonic v0.12.3
   Compiling snafu v0.8.9
   Compiling avalanche-rpcchainvm-qomm v0.1.0 (/work/defmi/rust/vendor/avalanche-rs-qomm/crates/avalanche-rpcchainvm)
   Compiling qomm-audit v0.1.0 (/work/defmi/rust/qomm-audit)
   Compiling itertools v0.13.0
   Compiling crypto-bigint v0.5.5
   Compiling qomm-transport v0.1.0 (/work/defmi/rust/qomm-transport)
   Compiling triptych v0.1.1 (https://github.com/tari-project/triptych.git?rev=bf0cb42fff55636a8bb037020411fb3a050af23f#bf0cb42f)
   Compiling tonic-health v0.12.3
   Compiling aethel-deccp v0.1.0 (/work/aethel/crates/aethel-deccp)
   Compiling aethel-zkpi v0.1.0 (/work/aethel/crates/aethel-zkpi)
   Compiling aethel-distribution v0.1.0 (/work/aethel/crates/aethel-distribution)
   Compiling aethel-servicing v0.1.0 (/work/aethel/crates/aethel-servicing)
   Compiling aethel-obligation-wallet v0.1.0 (/work/aethel/crates/aethel-obligation-wallet)
   Compiling bs58 v0.5.1
   Compiling qomm-defmi v0.1.0 (/work/defmi/rust/qomm-defmi)
   Compiling aethel v0.1.0 (/work/aethel/crates/aethel)
   Compiling qomm-avalanche-vm v0.1.0 (/work/defmi/rust/qomm-avalanche-vm)
   Compiling aethel-defmi-host v0.1.0 (/work/aethel/crates/aethel-defmi-host)
    Finished `release` profile [optimized] target(s) in 1m 36s
     Running unittests src/lib.rs (/work/.cache/target/release/deps/aethel-c0d2123add8e6ca4)

running 0 tests

test result: ok. 0 passed; 0 failed; 0 ignored; 0 measured; 0 filtered out; finished in 0.00s

     Running tests/end_to_end.rs (/work/.cache/target/release/deps/end_to_end-0dd5261b6765404d)

running 1 test
test a_receivable_flows_from_signed_stream_to_default_across_every_module ... ok

test result: ok. 1 passed; 0 failed; 0 ignored; 0 measured; 0 filtered out; finished in 0.00s

     Running unittests src/lib.rs (/work/.cache/target/release/deps/aethel_core-73a098546774077b)

running 0 tests

test result: ok. 0 passed; 0 failed; 0 ignored; 0 measured; 0 filtered out; finished in 0.00s

     Running tests/protocol.rs (/work/.cache/target/release/deps/protocol-b6418d3b92f0141e)

running 10 tests
test credit_decision_cannot_substitute_for_required_guarantee ... ok
test assessor_guarantor_and_liquidity_provider_are_independent_capabilities ... ok
test guarantor_capability_requires_a_defmi_guarantor_identity ... ok
test one_operator_can_bundle_credit_guarantee_and_liquidity_capabilities ... ok
test guarantor_can_release_only_its_own_unbound_guarantee ... ok
test provider_key_rotation_retires_the_old_key_but_keeps_what_it_recorded ... ok
test confidential_series_links_credit_and_guarantee_to_one_dekyx_line ... ok
test one_subject_in_two_request_scopes_yields_unlinked_lines ... ok
test unguaranteed_receivable_is_valid_when_series_policy_allows_it ... ok
test revocation_and_key_rotation_govern_new_artifacts_on_a_line ... ok

test result: ok. 10 passed; 0 failed; 0 ignored; 0 measured; 0 filtered out; finished in 0.01s


running 0 tests

test result: ok. 0 passed; 0 failed; 0 ignored; 0 measured; 0 filtered out; finished in 0.00s


running 3 tests
test aethel_release_returns_capacity_only_through_a_verified_transition ... ok
test aethel_uses_deccp_hold_without_owning_guarantee_state ... ok
test aethel_guarantee_path_carries_no_plaintext_amount_anywhere ... ok

test result: ok. 3 passed; 0 failed; 0 ignored; 0 measured; 0 filtered out; finished in 0.00s

     Running unittests src/lib.rs (/work/.cache/target/release/deps/aethel_deccp-c4838c74682213fd)
     Running tests/adapter.rs (/work/.cache/target/release/deps/adapter-acedf38292a25026)
     Running unittests src/lib.rs (/work/.cache/target/release/deps/aethel_defmi_host-e83d681e2b1da9dd)

running 2 tests
test execution::deccp_tests::provider_key_rotation_follows_the_participant_registry_and_keeps_recorded_artifacts ... ok
test execution::aethel_tests::avalanche_state_executes_guaranteed_receivable_issue_default_and_claim ... ok

test result: ok. 2 passed; 0 failed; 0 ignored; 0 measured; 0 filtered out; finished in 0.46s

     Running unittests src/main.rs (/work/.cache/target/release/deps/aethel_defmi_host-7ef3673ebd6de1c2)

running 0 tests

test result: ok. 0 passed; 0 failed; 0 ignored; 0 measured; 0 filtered out; finished in 0.00s

     Running unittests src/lib.rs (/work/.cache/target/release/deps/aethel_dekyx-9c960f7d81def6a8)

running 0 tests

test result: ok. 0 passed; 0 failed; 0 ignored; 0 measured; 0 filtered out; finished in 0.00s

     Running tests/adapter.rs (/work/.cache/target/release/deps/adapter-d062c7eed6d37705)

running 2 tests
test revoked_wrong_context_or_foreign_issuer_evidence_is_rejected ... ok
test fresh_credit_and_guarantee_proofs_keep_one_aethel_subject_line_across_key_rotation ... ok

test result: ok. 2 passed; 0 failed; 0 ignored; 0 measured; 0 filtered out; finished in 0.00s

     Running unittests src/lib.rs (/work/.cache/target/release/deps/aethel_distribution-bf627d206d2321b8)

running 7 tests
test tests::a_bilateral_fill_must_name_the_agreed_counterparty ... ok
test tests::issuer_repurchase_only_allows_the_issuer_to_buy_bilaterally ... ok
test tests::a_non_transferable_series_admits_nothing ... ok
test tests::fills_are_bounded_by_the_request_and_each_gets_its_own_nullifier ... ok
test tests::qualified_holder_series_need_eligibility_evidence ... ok
test tests::requests_expire_and_a_frozen_series_admits_nothing ... ok
test tests::outcomes_respect_the_deadline_and_release_unsettled_units ... ok

test result: ok. 7 passed; 0 failed; 0 ignored; 0 measured; 0 filtered out; finished in 0.00s

     Running unittests src/lib.rs (/work/.cache/target/release/deps/aethel_obligation_wallet-792123ec982259b7)

running 6 tests
test tests::projection_reads_the_schedule ... ok
test tests::reconciliation_reports_only_what_the_receipt_says ... ok
test tests::pre_authorization_bounds_every_payment_and_every_period ... ok
test tests::duplicate_delivery_is_idempotent_and_a_forged_payment_is_refused ... ok
test tests::the_queue_retries_with_backoff_and_then_abandons ... ok
test tests::the_queue_survives_a_snapshot ... ok

test result: ok. 6 passed; 0 failed; 0 ignored; 0 measured; 0 filtered out; finished in 0.00s


running 6 tests
test tests::a_malformed_artifact_is_never_signed ... ok
test tests::guarantor_capability_needs_a_defmi_authority_and_nothing_else_may_carry_one ... ok
test tests::a_suspended_provider_signs_nothing_new_and_its_past_stays_verifiable ... ok
test tests::an_artifact_is_accepted_only_under_the_capability_it_needs ... ok
test tests::wire_forms_round_trip_through_serde ... ok
test tests::rotation_retires_the_old_key_for_new_artifacts_only ... ok

test result: ok. 6 passed; 0 failed; 0 ignored; 0 measured; 0 filtered out; finished in 0.00s


running 5 tests
     Running unittests src/lib.rs (/work/.cache/target/release/deps/aethel_provider_sdk-1460d8e9e8658958)
     Running unittests src/lib.rs (/work/.cache/target/release/deps/aethel_servicing-9f56ee0b3ac37038)
test tests::default_needs_enough_missed_installments_and_an_elapsed_cure_window ... ok
test tests::a_servicer_cannot_attest_before_the_book_derived_any_evidence ... ok
test tests::delinquency_follows_the_grace_period_and_cures_on_payment ... ok
test tests::a_default_attestation_is_accepted_only_from_a_servicer_and_only_for_the_evidence ... ok
test tests::only_a_servicer_or_attestor_observes_payment ... ok

test result: ok. 5 passed; 0 failed; 0 ignored; 0 measured; 0 filtered out; finished in 0.00s

     Running unittests src/lib.rs (/work/.cache/target/release/deps/aethel_tokenization-8ff7df2c4c1fb008)

running 7 tests
test tests::a_rejected_intent_releases_its_units ... ok
test tests::authorization_must_describe_the_aethel_issuance_and_fit_the_cap ... ok
test tests::burns_follow_the_redemption_conditions_and_the_minted_supply ... ok
test tests::supply_never_exceeds_the_bound_authorization_even_while_pending ... ok
test tests::token_series_cannot_promise_more_transferability_than_the_series_policy ... ok
test tests::tranche_caps_partition_the_issuance_cap ... ok
test tests::the_book_keeps_no_record_keyed_by_a_holder ... ok

test result: ok. 7 passed; 0 failed; 0 ignored; 0 measured; 0 filtered out; finished in 0.00s

     Running unittests src/lib.rs (/work/.cache/target/release/deps/aethel_types-60219c58e1255ffd)

running 4 tests
test tests::windows_and_times_are_bounded ... ok
test tests::hex_ids_round_trip_and_reject_upper_case ... ok
test tests::digest_is_domain_separated_and_length_prefixed ... ok
test tests::signatures_verify_only_against_their_statement ... ok

test result: ok. 4 passed; 0 failed; 0 ignored; 0 measured; 0 filtered out; finished in 0.00s

     Running unittests src/lib.rs (/work/.cache/target/release/deps/aethel_zkpi-875a2267c06c7d25)

running 0 tests

test result: ok. 0 passed; 0 failed; 0 ignored; 0 measured; 0 filtered out; finished in 0.00s

     Running tests/receivable.rs (/work/.cache/target/release/deps/receivable-064c943a4de88832)

running 4 tests
test partial_provider_reference_and_wrong_relation_proof_are_rejected ... ok
test replacing_the_eligibility_proof_breaks_its_signed_binding ... ok
test streaming_receivable_wire_round_trips_and_verifies ... ok
test changing_a_guarantee_or_stream_root_breaks_authorization ... ok

test result: ok. 4 passed; 0 failed; 0 ignored; 0 measured; 0 filtered out; finished in 0.22s

   Doc-tests aethel

running 0 tests

test result: ok. 0 passed; 0 failed; 0 ignored; 0 measured; 0 filtered out; finished in 0.00s

   Doc-tests aethel_core

running 0 tests

test result: ok. 0 passed; 0 failed; 0 ignored; 0 measured; 0 filtered out; finished in 0.00s

   Doc-tests aethel_deccp

running 0 tests

test result: ok. 0 passed; 0 failed; 0 ignored; 0 measured; 0 filtered out; finished in 0.00s

   Doc-tests aethel_defmi_host

running 0 tests

test result: ok. 0 passed; 0 failed; 0 ignored; 0 measured; 0 filtered out; finished in 0.00s

   Doc-tests aethel_dekyx

running 0 tests

test result: ok. 0 passed; 0 failed; 0 ignored; 0 measured; 0 filtered out; finished in 0.00s

   Doc-tests aethel_distribution

running 0 tests

test result: ok. 0 passed; 0 failed; 0 ignored; 0 measured; 0 filtered out; finished in 0.00s

   Doc-tests aethel_obligation_wallet

running 0 tests

test result: ok. 0 passed; 0 failed; 0 ignored; 0 measured; 0 filtered out; finished in 0.00s

   Doc-tests aethel_provider_sdk

running 0 tests

test result: ok. 0 passed; 0 failed; 0 ignored; 0 measured; 0 filtered out; finished in 0.00s

   Doc-tests aethel_servicing

running 0 tests

test result: ok. 0 passed; 0 failed; 0 ignored; 0 measured; 0 filtered out; finished in 0.00s

   Doc-tests aethel_tokenization

running 0 tests

test result: ok. 0 passed; 0 failed; 0 ignored; 0 measured; 0 filtered out; finished in 0.00s

   Doc-tests aethel_types

running 0 tests

test result: ok. 0 passed; 0 failed; 0 ignored; 0 measured; 0 filtered out; finished in 0.00s

   Doc-tests aethel_zkpi

running 0 tests

test result: ok. 0 passed; 0 failed; 0 ignored; 0 measured; 0 filtered out; finished in 0.00s

   Compiling qomm-mpc v0.1.0 (/work/defmi/rust/qomm-mpc)
warning: qomm-mpc@0.1.0: MP_SPDZ_ROOT is unset; building without the engine
   Compiling qomm-transport v0.1.0 (/work/defmi/rust/qomm-transport)
   Compiling qomm-defmi v0.1.0 (/work/defmi/rust/qomm-defmi)
   Compiling qomm-avalanche-vm v0.1.0 (/work/defmi/rust/qomm-avalanche-vm)
   Compiling aethel-defmi-host v0.1.0 (/work/aethel/crates/aethel-defmi-host)
    Finished `release` profile [optimized] target(s) in 50.09s
     Running `/work/.cache/target/release/aethel-defmi-host version`
aethel-defmi-host/0.1.0
   Compiling qomm-mpc v0.1.0 (/work/defmi/rust/qomm-mpc)
warning: qomm-mpc@0.1.0: MP_SPDZ_ROOT is unset; building without the engine
   Compiling qomm-transport v0.1.0 (/work/defmi/rust/qomm-transport)
   Compiling qomm-defmi v0.1.0 (/work/defmi/rust/qomm-defmi)
   Compiling qomm-avalanche-vm v0.1.0 (/work/defmi/rust/qomm-avalanche-vm)
   Compiling aethel-defmi-host v0.1.0 (/work/aethel/crates/aethel-defmi-host)
    Finished `release` profile [optimized] target(s) in 49.75s
     Running `/work/.cache/target/release/aethel-defmi-host vmid`
2UqLr8pgyVQRFqDr2EhC8416qiiCwSw5NiNAkxofNMe8aqxBno
completed_at=2026-09-05T12:31:01Z
